#
# There is insufficient memory for the Java Runtime Environment to continue.
# Native memory allocation (mmap) failed to map 285212672 bytes for G1 virtual space
# Possible reasons:
#   The system is out of physical RAM or swap space
#   The process is running with CompressedOops enabled, and the Java Heap may be blocking the growth of the native heap
# Possible solutions:
#   Reduce memory load on the system
#   Increase physical memory or swap space
#   Check if swap backing store is full
#   Decrease Java heap size (-Xmx/-Xms)
#   Decrease number of Java threads
#   Decrease Java thread stack sizes (-Xss)
#   Set larger code cache with -XX:ReservedCodeCacheSize=
#   JVM is running with Unscaled Compressed Oops mode in which the Java heap is
#     placed in the first 4GB address space. The Java Heap base address is the
#     maximum limit for the native heap growth. Please use -XX:HeapBaseMinAddress
#     to set the Java Heap base and to place the Java Heap above 4GB virtual address.
# This output file may be truncated or incomplete.
#
#  Out of Memory Error (os_windows.cpp:3548), pid=14472, tid=15388
#
# JRE version: Java(TM) SE Runtime Environment (17.0.12+8) (build 17.0.12+8-LTS-286)
# Java VM: Java HotSpot(TM) 64-Bit Server VM (17.0.12+8-LTS-286, mixed mode, sharing, tiered, compressed oops, compressed class ptrs, g1 gc, windows-amd64)
# No core dump will be written. Minidumps are not enabled by default on client versions of Windows
#

---------------  S U M M A R Y ------------

Command Line: org.jetbrains.kotlin.cli.jvm.K2JVMCompiler @C:\Users\tmead\Documents\GitHub\SPadv\app\build\20260313_480079320277913136.compiler.options

Host: Intel(R) Core(TM) i5-1035G4 CPU @ 1.10GHz, 8 cores, 7G,  Windows 11 , 64 bit Build 26100 (10.0.26100.7920)
Time: Fri Mar 13 13:40:35 2026 Central Daylight Time elapsed time: 68.931648 seconds (0d 0h 1m 8s)

---------------  T H R E A D  ---------------

Current thread (0x0000028e4bc920b0):  VMThread "VM Thread" [stack: 0x000000b31c200000,0x000000b31c300000] [id=15388]

Stack: [0x000000b31c200000,0x000000b31c300000]
Native frames: (J=compiled Java code, j=interpreted, Vv=VM code, C=native code)
V  [jvm.dll+0x67a04a]
V  [jvm.dll+0x7da4ed]
V  [jvm.dll+0x7dbe33]
V  [jvm.dll+0x7dc4a3]
V  [jvm.dll+0x24508f]
V  [jvm.dll+0x677089]
V  [jvm.dll+0x66bd32]
V  [jvm.dll+0x301fa6]
V  [jvm.dll+0x309546]
V  [jvm.dll+0x359d2e]
V  [jvm.dll+0x359f5f]
V  [jvm.dll+0x2d9078]
V  [jvm.dll+0x2d74ad]
V  [jvm.dll+0x2d6afc]
V  [jvm.dll+0x31a65b]
V  [jvm.dll+0x7e0d9b]
V  [jvm.dll+0x7e1ad4]
V  [jvm.dll+0x7e1fed]
V  [jvm.dll+0x7e23c4]
V  [jvm.dll+0x7e2490]
V  [jvm.dll+0x78abea]
V  [jvm.dll+0x678f35]
C  [ucrtbase.dll+0x37b0]
C  [KERNEL32.DLL+0x2e8d7]
C  [ntdll.dll+0x8c48c]

VM_Operation (0x000000b31bcfde90): G1CollectForAllocation, mode: safepoint, requested by thread 0x0000028e2becf450


---------------  P R O C E S S  ---------------

Threads class SMR info:
_java_thread_list=0x0000028e91ae8490, length=13, elements={
0x0000028e2becf450, 0x0000028e4bc97d70, 0x0000028e4bc992a0, 0x0000028e4bcb1740,
0x0000028e4bcb2100, 0x0000028e4bcb2ac0, 0x0000028e4bcb3480, 0x0000028e4bcb7940,
0x0000028e4bcc0400, 0x0000028e4bcc0e00, 0x0000028e910d60b0, 0x0000028e910e6890,
0x0000028e93a16020
}

Java Threads: ( => current thread )
  0x0000028e2becf450 JavaThread "main" [_thread_blocked, id=8388, stack(0x000000b31bc00000,0x000000b31bd00000)]
  0x0000028e4bc97d70 JavaThread "Reference Handler" daemon [_thread_blocked, id=9204, stack(0x000000b31c300000,0x000000b31c400000)]
  0x0000028e4bc992a0 JavaThread "Finalizer" daemon [_thread_blocked, id=6672, stack(0x000000b31c400000,0x000000b31c500000)]
  0x0000028e4bcb1740 JavaThread "Signal Dispatcher" daemon [_thread_blocked, id=19748, stack(0x000000b31c500000,0x000000b31c600000)]
  0x0000028e4bcb2100 JavaThread "Attach Listener" daemon [_thread_blocked, id=1808, stack(0x000000b31c600000,0x000000b31c700000)]
  0x0000028e4bcb2ac0 JavaThread "Service Thread" daemon [_thread_blocked, id=18276, stack(0x000000b31c700000,0x000000b31c800000)]
  0x0000028e4bcb3480 JavaThread "Monitor Deflation Thread" daemon [_thread_blocked, id=17868, stack(0x000000b31c800000,0x000000b31c900000)]
  0x0000028e4bcb7940 JavaThread "C2 CompilerThread0" daemon [_thread_blocked, id=16292, stack(0x000000b31c900000,0x000000b31ca00000)]
  0x0000028e4bcc0400 JavaThread "C1 CompilerThread0" daemon [_thread_blocked, id=11340, stack(0x000000b31ca00000,0x000000b31cb00000)]
  0x0000028e4bcc0e00 JavaThread "Sweeper thread" daemon [_thread_blocked, id=2852, stack(0x000000b31cb00000,0x000000b31cc00000)]
  0x0000028e910d60b0 JavaThread "Notification Thread" daemon [_thread_blocked, id=12840, stack(0x000000b31cc00000,0x000000b31cd00000)]
  0x0000028e910e6890 JavaThread "Common-Cleaner" daemon [_thread_blocked, id=22032, stack(0x000000b31ce00000,0x000000b31cf00000)]
  0x0000028e93a16020 JavaThread "C2 CompilerThread1" daemon [_thread_blocked, id=836, stack(0x000000b31b900000,0x000000b31ba00000)]

Other Threads:
=>0x0000028e4bc920b0 VMThread "VM Thread" [stack: 0x000000b31c200000,0x000000b31c300000] [id=15388]
  0x0000028e910e5000 WatcherThread [stack: 0x000000b31cd00000,0x000000b31ce00000] [id=3840]
  0x0000028e2bf2a870 GCTaskThread "GC Thread#0" [stack: 0x000000b31bd00000,0x000000b31be00000] [id=22164]
  0x0000028e913c6c40 GCTaskThread "GC Thread#1" [stack: 0x000000b31cf00000,0x000000b31d000000] [id=19576]
  0x0000028e91122c60 GCTaskThread "GC Thread#2" [stack: 0x000000b31d000000,0x000000b31d100000] [id=6732]
  0x0000028e91122f20 GCTaskThread "GC Thread#3" [stack: 0x000000b31d100000,0x000000b31d200000] [id=22140]
  0x0000028e911231e0 GCTaskThread "GC Thread#4" [stack: 0x000000b31d200000,0x000000b31d300000] [id=17584]
  0x0000028e911234a0 GCTaskThread "GC Thread#5" [stack: 0x000000b31d300000,0x000000b31d400000] [id=3484]
  0x0000028e91b902e0 GCTaskThread "GC Thread#6" [stack: 0x000000b31d600000,0x000000b31d700000] [id=15468]
  0x0000028e91c276e0 GCTaskThread "GC Thread#7" [stack: 0x000000b31d700000,0x000000b31d800000] [id=19688]
  0x0000028e2bf3bb10 ConcurrentGCThread "G1 Main Marker" [stack: 0x000000b31be00000,0x000000b31bf00000] [id=20412]
  0x0000028e2bf3d1f0 ConcurrentGCThread "G1 Conc#0" [stack: 0x000000b31bf00000,0x000000b31c000000] [id=8604]
  0x0000028e91f9c630 ConcurrentGCThread "G1 Conc#1" [stack: 0x000000b31d400000,0x000000b31d500000] [id=9944]
  0x0000028e4bb520b0 ConcurrentGCThread "G1 Refine#0" [stack: 0x000000b31c000000,0x000000b31c100000] [id=3136]
  0x0000028e932583a0 ConcurrentGCThread "G1 Refine#1" [stack: 0x000000b31d900000,0x000000b31da00000] [id=15984]
  0x0000028e93258980 ConcurrentGCThread "G1 Refine#2" [stack: 0x000000b31da00000,0x000000b31db00000] [id=22420]
  0x0000028e4bb52880 ConcurrentGCThread "G1 Service" [stack: 0x000000b31c100000,0x000000b31c200000] [id=18488]

Threads with active compile tasks:
C2 CompilerThread0    69059 9112       4       org.jetbrains.kotlin.resolve.OverrideResolver$Companion::checkInheritedAndDelegatedSignatures (633 bytes)
C2 CompilerThread1    69059 9124       4       kotlin.collections.CollectionsKt___CollectionsKt::firstOrNull (63 bytes)

VM state: at safepoint (normal execution)

VM Mutex/Monitor currently owned by a thread:  ([mutex/lock_event])
[0x0000028e2bcccb30] Threads_lock - owner thread: 0x0000028e4bc920b0
[0x0000028e2beceb10] Heap_lock - owner thread: 0x0000028e2becf450

Heap address: 0x0000000086600000, size: 1946 MB, Compressed Oops mode: 32-bit

CDS archive(s) mapped at: [0x0000028e4c000000-0x0000028e4cbd0000-0x0000028e4cbd0000), size 12386304, SharedBaseAddress: 0x0000028e4c000000, ArchiveRelocationMode: 1.
Compressed class space mapped at: 0x0000028e4d000000-0x0000028e8d000000, reserved size: 1073741824
Narrow klass base: 0x0000028e4c000000, Narrow klass shift: 0, Narrow klass range: 0x100000000

GC Precious Log:
 CPUs: 8 total, 8 available
 Memory: 7777M
 Large Page Support: Disabled
 NUMA Support: Disabled
 Compressed Oops: Enabled (32-bit)
 Heap Region Size: 1M
 Heap Min Capacity: 8M
 Heap Initial Capacity: 122M
 Heap Max Capacity: 1946M
 Pre-touch: Disabled
 Parallel Workers: 8
 Concurrent Workers: 2
 Concurrent Refinement Workers: 8
 Periodic GC: Disabled

Heap:
 garbage-first heap   total 176128K, used 80735K [0x0000000086600000, 0x0000000100000000)
  region size 1024K, 1 young (1024K), 1 survivors (1024K)
 Metaspace       used 48806K, committed 49088K, reserved 1114112K
  class space    used 5765K, committed 5888K, reserved 1048576K

Heap Regions: E=young(eden), S=young(survivor), O=old, HS=humongous(starts), HC=humongous(continues), CS=collection set, F=free, OA=open archive, CA=closed archive, TAMS=top-at-mark-start (previous, next)
|   0|0x0000000086600000, 0x0000000086700000, 0x0000000086700000|100%|HS|  |TAMS 0x0000000086700000, 0x0000000086700000| Complete 
|   1|0x0000000086700000, 0x0000000086800000, 0x0000000086800000|100%|HC|  |TAMS 0x0000000086800000, 0x0000000086800000| Complete 
|   2|0x0000000086800000, 0x0000000086900000, 0x0000000086900000|100%|HC|  |TAMS 0x0000000086900000, 0x0000000086900000| Complete 
|   3|0x0000000086900000, 0x0000000086a00000, 0x0000000086a00000|100%|HC|  |TAMS 0x0000000086a00000, 0x0000000086a00000| Complete 
|   4|0x0000000086a00000, 0x0000000086b00000, 0x0000000086b00000|100%| O|  |TAMS 0x0000000086b00000, 0x0000000086b00000| Untracked 
|   5|0x0000000086b00000, 0x0000000086c00000, 0x0000000086c00000|100%| O|  |TAMS 0x0000000086c00000, 0x0000000086c00000| Untracked 
|   6|0x0000000086c00000, 0x0000000086d00000, 0x0000000086d00000|100%| O|  |TAMS 0x0000000086d00000, 0x0000000086d00000| Untracked 
|   7|0x0000000086d00000, 0x0000000086e00000, 0x0000000086e00000|100%| O|  |TAMS 0x0000000086e00000, 0x0000000086e00000| Untracked 
|   8|0x0000000086e00000, 0x0000000086f00000, 0x0000000086f00000|100%| O|  |TAMS 0x0000000086f00000, 0x0000000086f00000| Untracked 
|   9|0x0000000086f00000, 0x0000000087000000, 0x0000000087000000|100%| O|  |TAMS 0x0000000087000000, 0x0000000087000000| Untracked 
|  10|0x0000000087000000, 0x0000000087100000, 0x0000000087100000|100%| O|  |TAMS 0x0000000087100000, 0x0000000087100000| Untracked 
|  11|0x0000000087100000, 0x0000000087200000, 0x0000000087200000|100%| O|  |TAMS 0x0000000087200000, 0x0000000087200000| Untracked 
|  12|0x0000000087200000, 0x0000000087300000, 0x0000000087300000|100%| O|  |TAMS 0x0000000087300000, 0x0000000087300000| Untracked 
|  13|0x0000000087300000, 0x0000000087400000, 0x0000000087400000|100%| O|  |TAMS 0x0000000087400000, 0x0000000087400000| Untracked 
|  14|0x0000000087400000, 0x0000000087500000, 0x0000000087500000|100%| O|  |TAMS 0x0000000087500000, 0x0000000087500000| Untracked 
|  15|0x0000000087500000, 0x0000000087600000, 0x0000000087600000|100%| O|  |TAMS 0x0000000087600000, 0x0000000087600000| Untracked 
|  16|0x0000000087600000, 0x0000000087700000, 0x0000000087700000|100%| O|  |TAMS 0x0000000087700000, 0x0000000087700000| Untracked 
|  17|0x0000000087700000, 0x0000000087800000, 0x0000000087800000|100%| O|  |TAMS 0x0000000087800000, 0x0000000087800000| Untracked 
|  18|0x0000000087800000, 0x0000000087900000, 0x0000000087900000|100%| O|  |TAMS 0x0000000087900000, 0x0000000087900000| Untracked 
|  19|0x0000000087900000, 0x0000000087a00000, 0x0000000087a00000|100%| O|  |TAMS 0x0000000087a00000, 0x0000000087a00000| Untracked 
|  20|0x0000000087a00000, 0x0000000087b00000, 0x0000000087b00000|100%| O|  |TAMS 0x0000000087b00000, 0x0000000087b00000| Untracked 
|  21|0x0000000087b00000, 0x0000000087c00000, 0x0000000087c00000|100%|HS|  |TAMS 0x0000000087c00000, 0x0000000087c00000| Complete 
|  22|0x0000000087c00000, 0x0000000087d00000, 0x0000000087d00000|100%|HC|  |TAMS 0x0000000087d00000, 0x0000000087d00000| Complete 
|  23|0x0000000087d00000, 0x0000000087e00000, 0x0000000087e00000|100%| O|  |TAMS 0x0000000087e00000, 0x0000000087e00000| Untracked 
|  24|0x0000000087e00000, 0x0000000087f00000, 0x0000000087f00000|100%| O|  |TAMS 0x0000000087f00000, 0x0000000087f00000| Untracked 
|  25|0x0000000087f00000, 0x0000000087f00000, 0x0000000088000000|  0%| F|  |TAMS 0x0000000087f00000, 0x0000000087f00000| Untracked 
|  26|0x0000000088000000, 0x0000000088100000, 0x0000000088100000|100%| O|  |TAMS 0x0000000088100000, 0x0000000088100000| Untracked 
|  27|0x0000000088100000, 0x0000000088200000, 0x0000000088200000|100%| O|  |TAMS 0x0000000088200000, 0x0000000088200000| Untracked 
|  28|0x0000000088200000, 0x0000000088300000, 0x0000000088300000|100%| O|  |TAMS 0x0000000088300000, 0x0000000088300000| Untracked 
|  29|0x0000000088300000, 0x0000000088400000, 0x0000000088400000|100%| O|  |TAMS 0x0000000088400000, 0x0000000088400000| Untracked 
|  30|0x0000000088400000, 0x0000000088500000, 0x0000000088500000|100%| O|  |TAMS 0x0000000088500000, 0x0000000088500000| Untracked 
|  31|0x0000000088500000, 0x0000000088600000, 0x0000000088600000|100%| O|  |TAMS 0x0000000088600000, 0x0000000088600000| Untracked 
|  32|0x0000000088600000, 0x0000000088700000, 0x0000000088700000|100%| O|  |TAMS 0x0000000088700000, 0x0000000088700000| Untracked 
|  33|0x0000000088700000, 0x0000000088800000, 0x0000000088800000|100%| O|  |TAMS 0x0000000088800000, 0x0000000088800000| Untracked 
|  34|0x0000000088800000, 0x0000000088900000, 0x0000000088900000|100%| O|  |TAMS 0x0000000088900000, 0x0000000088900000| Untracked 
|  35|0x0000000088900000, 0x0000000088a00000, 0x0000000088a00000|100%| O|  |TAMS 0x0000000088a00000, 0x0000000088a00000| Untracked 
|  36|0x0000000088a00000, 0x0000000088b00000, 0x0000000088b00000|100%| O|  |TAMS 0x0000000088b00000, 0x0000000088b00000| Untracked 
|  37|0x0000000088b00000, 0x0000000088c00000, 0x0000000088c00000|100%| O|  |TAMS 0x0000000088c00000, 0x0000000088c00000| Untracked 
|  38|0x0000000088c00000, 0x0000000088d00000, 0x0000000088d00000|100%| O|  |TAMS 0x0000000088d00000, 0x0000000088d00000| Untracked 
|  39|0x0000000088d00000, 0x0000000088e00000, 0x0000000088e00000|100%| O|  |TAMS 0x0000000088e00000, 0x0000000088e00000| Untracked 
|  40|0x0000000088e00000, 0x0000000088f00000, 0x0000000088f00000|100%| O|  |TAMS 0x0000000088f00000, 0x0000000088f00000| Untracked 
|  41|0x0000000088f00000, 0x0000000089000000, 0x0000000089000000|100%| O|  |TAMS 0x0000000089000000, 0x0000000089000000| Untracked 
|  42|0x0000000089000000, 0x0000000089100000, 0x0000000089100000|100%| O|  |TAMS 0x0000000089100000, 0x0000000089100000| Untracked 
|  43|0x0000000089100000, 0x0000000089200000, 0x0000000089200000|100%| O|  |TAMS 0x0000000089200000, 0x0000000089200000| Untracked 
|  44|0x0000000089200000, 0x0000000089300000, 0x0000000089300000|100%| O|  |TAMS 0x0000000089300000, 0x0000000089300000| Untracked 
|  45|0x0000000089300000, 0x0000000089400000, 0x0000000089400000|100%|HS|  |TAMS 0x0000000089400000, 0x0000000089400000| Complete 
|  46|0x0000000089400000, 0x0000000089500000, 0x0000000089500000|100%|HC|  |TAMS 0x0000000089500000, 0x0000000089500000| Complete 
|  47|0x0000000089500000, 0x0000000089600000, 0x0000000089600000|100%| O|  |TAMS 0x0000000089600000, 0x0000000089600000| Untracked 
|  48|0x0000000089600000, 0x0000000089700000, 0x0000000089700000|100%| O|  |TAMS 0x0000000089700000, 0x0000000089700000| Untracked 
|  49|0x0000000089700000, 0x0000000089800000, 0x0000000089800000|100%| O|  |TAMS 0x0000000089800000, 0x0000000089800000| Untracked 
|  50|0x0000000089800000, 0x0000000089900000, 0x0000000089900000|100%| O|  |TAMS 0x0000000089900000, 0x0000000089900000| Untracked 
|  51|0x0000000089900000, 0x0000000089a00000, 0x0000000089a00000|100%| O|  |TAMS 0x0000000089a00000, 0x0000000089a00000| Untracked 
|  52|0x0000000089a00000, 0x0000000089b00000, 0x0000000089b00000|100%| O|  |TAMS 0x0000000089b00000, 0x0000000089b00000| Untracked 
|  53|0x0000000089b00000, 0x0000000089c00000, 0x0000000089c00000|100%| O|  |TAMS 0x0000000089c00000, 0x0000000089c00000| Untracked 
|  54|0x0000000089c00000, 0x0000000089d00000, 0x0000000089d00000|100%| O|  |TAMS 0x0000000089d00000, 0x0000000089d00000| Untracked 
|  55|0x0000000089d00000, 0x0000000089e00000, 0x0000000089e00000|100%| O|  |TAMS 0x0000000089e00000, 0x0000000089e00000| Untracked 
|  56|0x0000000089e00000, 0x0000000089f00000, 0x0000000089f00000|100%| O|  |TAMS 0x0000000089f00000, 0x0000000089f00000| Untracked 
|  57|0x0000000089f00000, 0x000000008a000000, 0x000000008a000000|100%| O|  |TAMS 0x000000008a000000, 0x000000008a000000| Untracked 
|  58|0x000000008a000000, 0x000000008a100000, 0x000000008a100000|100%| O|  |TAMS 0x000000008a100000, 0x000000008a100000| Untracked 
|  59|0x000000008a100000, 0x000000008a200000, 0x000000008a200000|100%| O|  |TAMS 0x000000008a200000, 0x000000008a200000| Untracked 
|  60|0x000000008a200000, 0x000000008a300000, 0x000000008a300000|100%| O|  |TAMS 0x000000008a300000, 0x000000008a300000| Untracked 
|  61|0x000000008a300000, 0x000000008a400000, 0x000000008a400000|100%| O|  |TAMS 0x000000008a400000, 0x000000008a400000| Untracked 
|  62|0x000000008a400000, 0x000000008a500000, 0x000000008a500000|100%| O|  |TAMS 0x000000008a500000, 0x000000008a500000| Untracked 
|  63|0x000000008a500000, 0x000000008a600000, 0x000000008a600000|100%| O|  |TAMS 0x000000008a600000, 0x000000008a600000| Untracked 
|  64|0x000000008a600000, 0x000000008a700000, 0x000000008a700000|100%| O|  |TAMS 0x000000008a700000, 0x000000008a700000| Untracked 
|  65|0x000000008a700000, 0x000000008a800000, 0x000000008a800000|100%| O|  |TAMS 0x000000008a800000, 0x000000008a800000| Untracked 
|  66|0x000000008a800000, 0x000000008a900000, 0x000000008a900000|100%| O|  |TAMS 0x000000008a900000, 0x000000008a900000| Untracked 
|  67|0x000000008a900000, 0x000000008aa00000, 0x000000008aa00000|100%| O|  |TAMS 0x000000008aa00000, 0x000000008aa00000| Untracked 
|  68|0x000000008aa00000, 0x000000008ab00000, 0x000000008ab00000|100%| O|  |TAMS 0x000000008ab00000, 0x000000008ab00000| Untracked 
|  69|0x000000008ab00000, 0x000000008ac00000, 0x000000008ac00000|100%| O|  |TAMS 0x000000008ac00000, 0x000000008ac00000| Untracked 
|  70|0x000000008ac00000, 0x000000008ad00000, 0x000000008ad00000|100%| O|  |TAMS 0x000000008ad00000, 0x000000008ad00000| Untracked 
|  71|0x000000008ad00000, 0x000000008ae00000, 0x000000008ae00000|100%| O|  |TAMS 0x000000008ae00000, 0x000000008ae00000| Untracked 
|  72|0x000000008ae00000, 0x000000008af00000, 0x000000008af00000|100%| O|  |TAMS 0x000000008af00000, 0x000000008af00000| Untracked 
|  73|0x000000008af00000, 0x000000008b000000, 0x000000008b000000|100%| O|  |TAMS 0x000000008b000000, 0x000000008b000000| Untracked 
|  74|0x000000008b000000, 0x000000008b100000, 0x000000008b100000|100%| O|  |TAMS 0x000000008b100000, 0x000000008b100000| Untracked 
|  75|0x000000008b100000, 0x000000008b200000, 0x000000008b200000|100%| O|  |TAMS 0x000000008b200000, 0x000000008b200000| Untracked 
|  76|0x000000008b200000, 0x000000008b300000, 0x000000008b300000|100%| O|  |TAMS 0x000000008b300000, 0x000000008b300000| Untracked 
|  77|0x000000008b300000, 0x000000008b400000, 0x000000008b400000|100%| O|  |TAMS 0x000000008b400000, 0x000000008b400000| Untracked 
|  78|0x000000008b400000, 0x000000008b500000, 0x000000008b500000|100%| O|  |TAMS 0x000000008b46b600, 0x000000008b500000| Untracked 
|  79|0x000000008b500000, 0x000000008b5c9600, 0x000000008b600000| 78%| O|  |TAMS 0x000000008b500000, 0x000000008b5c9600| Untracked 
|  80|0x000000008b600000, 0x000000008b600000, 0x000000008b700000|  0%| F|  |TAMS 0x000000008b600000, 0x000000008b600000| Untracked 
|  81|0x000000008b700000, 0x000000008b700000, 0x000000008b800000|  0%| F|  |TAMS 0x000000008b700000, 0x000000008b700000| Untracked 
|  82|0x000000008b800000, 0x000000008b800000, 0x000000008b900000|  0%| F|  |TAMS 0x000000008b800000, 0x000000008b800000| Untracked 
|  83|0x000000008b900000, 0x000000008b900000, 0x000000008ba00000|  0%| F|  |TAMS 0x000000008b900000, 0x000000008b900000| Untracked 
|  84|0x000000008ba00000, 0x000000008ba00000, 0x000000008bb00000|  0%| F|  |TAMS 0x000000008ba00000, 0x000000008ba00000| Untracked 
|  85|0x000000008bb00000, 0x000000008bb00000, 0x000000008bc00000|  0%| F|  |TAMS 0x000000008bb00000, 0x000000008bb00000| Untracked 
|  86|0x000000008bc00000, 0x000000008bc00000, 0x000000008bd00000|  0%| F|  |TAMS 0x000000008bc00000, 0x000000008bc00000| Untracked 
|  87|0x000000008bd00000, 0x000000008bd00000, 0x000000008be00000|  0%| F|  |TAMS 0x000000008bd00000, 0x000000008bd00000| Untracked 
|  88|0x000000008be00000, 0x000000008be00000, 0x000000008bf00000|  0%| F|  |TAMS 0x000000008be00000, 0x000000008be00000| Untracked 
|  89|0x000000008bf00000, 0x000000008bf00000, 0x000000008c000000|  0%| F|  |TAMS 0x000000008bf00000, 0x000000008bf00000| Untracked 
|  90|0x000000008c000000, 0x000000008c000000, 0x000000008c100000|  0%| F|  |TAMS 0x000000008c000000, 0x000000008c000000| Untracked 
|  91|0x000000008c100000, 0x000000008c100000, 0x000000008c200000|  0%| F|  |TAMS 0x000000008c100000, 0x000000008c100000| Untracked 
|  92|0x000000008c200000, 0x000000008c200000, 0x000000008c300000|  0%| F|  |TAMS 0x000000008c200000, 0x000000008c200000| Untracked 
|  93|0x000000008c300000, 0x000000008c300000, 0x000000008c400000|  0%| F|  |TAMS 0x000000008c300000, 0x000000008c300000| Untracked 
|  94|0x000000008c400000, 0x000000008c400000, 0x000000008c500000|  0%| F|  |TAMS 0x000000008c400000, 0x000000008c400000| Untracked 
|  95|0x000000008c500000, 0x000000008c500000, 0x000000008c600000|  0%| F|  |TAMS 0x000000008c500000, 0x000000008c500000| Untracked 
|  96|0x000000008c600000, 0x000000008c600000, 0x000000008c700000|  0%| F|  |TAMS 0x000000008c600000, 0x000000008c600000| Untracked 
|  97|0x000000008c700000, 0x000000008c700000, 0x000000008c800000|  0%| F|  |TAMS 0x000000008c700000, 0x000000008c700000| Untracked 
|  98|0x000000008c800000, 0x000000008c800000, 0x000000008c900000|  0%| F|  |TAMS 0x000000008c800000, 0x000000008c800000| Untracked 
|  99|0x000000008c900000, 0x000000008c900000, 0x000000008ca00000|  0%| F|  |TAMS 0x000000008c900000, 0x000000008c900000| Untracked 
| 100|0x000000008ca00000, 0x000000008ca00000, 0x000000008cb00000|  0%| F|  |TAMS 0x000000008ca00000, 0x000000008ca00000| Untracked 
| 101|0x000000008cb00000, 0x000000008cb00000, 0x000000008cc00000|  0%| F|  |TAMS 0x000000008cb00000, 0x000000008cb00000| Untracked 
| 102|0x000000008cc00000, 0x000000008cc00000, 0x000000008cd00000|  0%| F|  |TAMS 0x000000008cc00000, 0x000000008cc00000| Untracked 
| 103|0x000000008cd00000, 0x000000008cd00000, 0x000000008ce00000|  0%| F|  |TAMS 0x000000008cd00000, 0x000000008cd00000| Untracked 
| 104|0x000000008ce00000, 0x000000008ce00000, 0x000000008cf00000|  0%| F|  |TAMS 0x000000008ce00000, 0x000000008ce00000| Untracked 
| 105|0x000000008cf00000, 0x000000008cf00000, 0x000000008d000000|  0%| F|  |TAMS 0x000000008cf00000, 0x000000008cf00000| Untracked 
| 106|0x000000008d000000, 0x000000008d000000, 0x000000008d100000|  0%| F|  |TAMS 0x000000008d000000, 0x000000008d000000| Untracked 
| 107|0x000000008d100000, 0x000000008d100000, 0x000000008d200000|  0%| F|  |TAMS 0x000000008d100000, 0x000000008d100000| Untracked 
| 108|0x000000008d200000, 0x000000008d200000, 0x000000008d300000|  0%| F|  |TAMS 0x000000008d200000, 0x000000008d200000| Untracked 
| 109|0x000000008d300000, 0x000000008d300000, 0x000000008d400000|  0%| F|  |TAMS 0x000000008d300000, 0x000000008d300000| Untracked 
| 110|0x000000008d400000, 0x000000008d400000, 0x000000008d500000|  0%| F|  |TAMS 0x000000008d400000, 0x000000008d400000| Untracked 
| 111|0x000000008d500000, 0x000000008d500000, 0x000000008d600000|  0%| F|  |TAMS 0x000000008d500000, 0x000000008d500000| Untracked 
| 112|0x000000008d600000, 0x000000008d600000, 0x000000008d700000|  0%| F|  |TAMS 0x000000008d600000, 0x000000008d600000| Untracked 
| 113|0x000000008d700000, 0x000000008d70e760, 0x000000008d800000|  5%| S|CS|TAMS 0x000000008d700000, 0x000000008d700000| Complete 
| 114|0x000000008d800000, 0x000000008d800000, 0x000000008d900000|  0%| F|  |TAMS 0x000000008d800000, 0x000000008d800000| Untracked 
| 115|0x000000008d900000, 0x000000008d900000, 0x000000008da00000|  0%| F|  |TAMS 0x000000008d900000, 0x000000008d900000| Untracked 
| 116|0x000000008da00000, 0x000000008da00000, 0x000000008db00000|  0%| F|  |TAMS 0x000000008da00000, 0x000000008da00000| Untracked 
| 117|0x000000008db00000, 0x000000008db00000, 0x000000008dc00000|  0%| F|  |TAMS 0x000000008db00000, 0x000000008db00000| Untracked 
| 118|0x000000008dc00000, 0x000000008dc00000, 0x000000008dd00000|  0%| F|  |TAMS 0x000000008dc00000, 0x000000008dc00000| Untracked 
| 119|0x000000008dd00000, 0x000000008dd00000, 0x000000008de00000|  0%| F|  |TAMS 0x000000008dd00000, 0x000000008dd00000| Untracked 
| 120|0x000000008de00000, 0x000000008de00000, 0x000000008df00000|  0%| F|  |TAMS 0x000000008de00000, 0x000000008de00000| Untracked 
| 121|0x000000008df00000, 0x000000008df00000, 0x000000008e000000|  0%| F|  |TAMS 0x000000008df00000, 0x000000008df00000| Untracked 
| 122|0x000000008e000000, 0x000000008e000000, 0x000000008e100000|  0%| F|  |TAMS 0x000000008e000000, 0x000000008e000000| Untracked 
| 123|0x000000008e100000, 0x000000008e100000, 0x000000008e200000|  0%| F|  |TAMS 0x000000008e100000, 0x000000008e100000| Untracked 
| 124|0x000000008e200000, 0x000000008e200000, 0x000000008e300000|  0%| F|  |TAMS 0x000000008e200000, 0x000000008e200000| Untracked 
| 125|0x000000008e300000, 0x000000008e300000, 0x000000008e400000|  0%| F|  |TAMS 0x000000008e300000, 0x000000008e300000| Untracked 
| 126|0x000000008e400000, 0x000000008e400000, 0x000000008e500000|  0%| F|  |TAMS 0x000000008e400000, 0x000000008e400000| Untracked 
| 127|0x000000008e500000, 0x000000008e500000, 0x000000008e600000|  0%| F|  |TAMS 0x000000008e500000, 0x000000008e500000| Untracked 
| 128|0x000000008e600000, 0x000000008e600000, 0x000000008e700000|  0%| F|  |TAMS 0x000000008e600000, 0x000000008e600000| Untracked 
| 129|0x000000008e700000, 0x000000008e700000, 0x000000008e800000|  0%| F|  |TAMS 0x000000008e700000, 0x000000008e700000| Untracked 
| 130|0x000000008e800000, 0x000000008e800000, 0x000000008e900000|  0%| F|  |TAMS 0x000000008e800000, 0x000000008e800000| Untracked 
| 131|0x000000008e900000, 0x000000008e900000, 0x000000008ea00000|  0%| F|  |TAMS 0x000000008e900000, 0x000000008e900000| Untracked 
| 132|0x000000008ea00000, 0x000000008ea00000, 0x000000008eb00000|  0%| F|  |TAMS 0x000000008ea00000, 0x000000008ea00000| Untracked 
| 133|0x000000008eb00000, 0x000000008eb00000, 0x000000008ec00000|  0%| F|  |TAMS 0x000000008eb00000, 0x000000008eb00000| Untracked 
| 134|0x000000008ec00000, 0x000000008ec00000, 0x000000008ed00000|  0%| F|  |TAMS 0x000000008ec00000, 0x000000008ec00000| Untracked 
| 135|0x000000008ed00000, 0x000000008ed00000, 0x000000008ee00000|  0%| F|  |TAMS 0x000000008ed00000, 0x000000008ed00000| Untracked 
| 136|0x000000008ee00000, 0x000000008ee00000, 0x000000008ef00000|  0%| F|  |TAMS 0x000000008ee00000, 0x000000008ee00000| Untracked 
| 137|0x000000008ef00000, 0x000000008ef00000, 0x000000008f000000|  0%| F|  |TAMS 0x000000008ef00000, 0x000000008ef00000| Untracked 
| 138|0x000000008f000000, 0x000000008f000000, 0x000000008f100000|  0%| F|  |TAMS 0x000000008f000000, 0x000000008f000000| Untracked 
| 139|0x000000008f100000, 0x000000008f100000, 0x000000008f200000|  0%| F|  |TAMS 0x000000008f100000, 0x000000008f100000| Untracked 
| 140|0x000000008f200000, 0x000000008f200000, 0x000000008f300000|  0%| F|  |TAMS 0x000000008f200000, 0x000000008f200000| Untracked 
| 141|0x000000008f300000, 0x000000008f300000, 0x000000008f400000|  0%| F|  |TAMS 0x000000008f300000, 0x000000008f300000| Untracked 
| 142|0x000000008f400000, 0x000000008f400000, 0x000000008f500000|  0%| F|  |TAMS 0x000000008f400000, 0x000000008f400000| Untracked 
| 143|0x000000008f500000, 0x000000008f500000, 0x000000008f600000|  0%| F|  |TAMS 0x000000008f500000, 0x000000008f500000| Untracked 
| 144|0x000000008f600000, 0x000000008f600000, 0x000000008f700000|  0%| F|  |TAMS 0x000000008f600000, 0x000000008f600000| Untracked 
| 145|0x000000008f700000, 0x000000008f700000, 0x000000008f800000|  0%| F|  |TAMS 0x000000008f700000, 0x000000008f700000| Untracked 
| 146|0x000000008f800000, 0x000000008f800000, 0x000000008f900000|  0%| F|  |TAMS 0x000000008f800000, 0x000000008f800000| Untracked 
| 147|0x000000008f900000, 0x000000008f900000, 0x000000008fa00000|  0%| F|  |TAMS 0x000000008f900000, 0x000000008f900000| Untracked 
| 148|0x000000008fa00000, 0x000000008fa00000, 0x000000008fb00000|  0%| F|  |TAMS 0x000000008fa00000, 0x000000008fa00000| Untracked 
| 149|0x000000008fb00000, 0x000000008fb00000, 0x000000008fc00000|  0%| F|  |TAMS 0x000000008fb00000, 0x000000008fb00000| Untracked 
| 150|0x000000008fc00000, 0x000000008fc00000, 0x000000008fd00000|  0%| F|  |TAMS 0x000000008fc00000, 0x000000008fc00000| Untracked 
| 151|0x000000008fd00000, 0x000000008fd00000, 0x000000008fe00000|  0%| F|  |TAMS 0x000000008fd00000, 0x000000008fd00000| Untracked 
| 152|0x000000008fe00000, 0x000000008fe00000, 0x000000008ff00000|  0%| F|  |TAMS 0x000000008fe00000, 0x000000008fe00000| Untracked 
| 153|0x000000008ff00000, 0x000000008ff00000, 0x0000000090000000|  0%| F|  |TAMS 0x000000008ff00000, 0x000000008ff00000| Untracked 
| 154|0x0000000090000000, 0x0000000090000000, 0x0000000090100000|  0%| F|  |TAMS 0x0000000090000000, 0x0000000090000000| Untracked 
| 155|0x0000000090100000, 0x0000000090100000, 0x0000000090200000|  0%| F|  |TAMS 0x0000000090100000, 0x0000000090100000| Untracked 
| 156|0x0000000090200000, 0x0000000090200000, 0x0000000090300000|  0%| F|  |TAMS 0x0000000090200000, 0x0000000090200000| Untracked 
| 157|0x0000000090300000, 0x0000000090300000, 0x0000000090400000|  0%| F|  |TAMS 0x0000000090300000, 0x0000000090300000| Untracked 
| 158|0x0000000090400000, 0x0000000090400000, 0x0000000090500000|  0%| F|  |TAMS 0x0000000090400000, 0x0000000090400000| Untracked 
| 159|0x0000000090500000, 0x0000000090500000, 0x0000000090600000|  0%| F|  |TAMS 0x0000000090500000, 0x0000000090500000| Untracked 
| 160|0x0000000090600000, 0x0000000090600000, 0x0000000090700000|  0%| F|  |TAMS 0x0000000090600000, 0x0000000090600000| Untracked 
| 161|0x0000000090700000, 0x0000000090700000, 0x0000000090800000|  0%| F|  |TAMS 0x0000000090700000, 0x0000000090700000| Untracked 
| 162|0x0000000090800000, 0x0000000090800000, 0x0000000090900000|  0%| F|  |TAMS 0x0000000090800000, 0x0000000090800000| Untracked 
| 163|0x0000000090900000, 0x0000000090900000, 0x0000000090a00000|  0%| F|  |TAMS 0x0000000090900000, 0x0000000090900000| Untracked 
| 164|0x0000000090a00000, 0x0000000090a00000, 0x0000000090b00000|  0%| F|  |TAMS 0x0000000090a00000, 0x0000000090a00000| Untracked 
| 165|0x0000000090b00000, 0x0000000090b00000, 0x0000000090c00000|  0%| F|  |TAMS 0x0000000090b00000, 0x0000000090b00000| Untracked 
| 166|0x0000000090c00000, 0x0000000090c00000, 0x0000000090d00000|  0%| F|  |TAMS 0x0000000090c00000, 0x0000000090c00000| Untracked 
| 167|0x0000000090d00000, 0x0000000090d00000, 0x0000000090e00000|  0%| F|  |TAMS 0x0000000090d00000, 0x0000000090d00000| Untracked 
| 168|0x0000000090e00000, 0x0000000090e00000, 0x0000000090f00000|  0%| F|  |TAMS 0x0000000090e00000, 0x0000000090e00000| Untracked 
| 169|0x0000000090f00000, 0x0000000090f00000, 0x0000000091000000|  0%| F|  |TAMS 0x0000000090f00000, 0x0000000090f00000| Untracked 
| 170|0x0000000091000000, 0x0000000091000000, 0x0000000091100000|  0%| F|  |TAMS 0x0000000091000000, 0x0000000091000000| Untracked 
| 171|0x0000000091100000, 0x0000000091100000, 0x0000000091200000|  0%| F|  |TAMS 0x0000000091100000, 0x0000000091100000| Untracked 

Card table byte_map: [0x0000028e44db0000,0x0000028e45180000] _byte_map_base: 0x0000028e4497d000

Marking Bits (Prev, Next): (CMBitMap*) 0x0000028e2bf2bee0, (CMBitMap*) 0x0000028e2bf2bea0
 Prev Bits: [0x0000028e473c0000, 0x0000028e49228000)
 Next Bits: [0x0000028e45550000, 0x0000028e473b8000)

Polling page: 0x0000028e2be80000

Metaspace:

Usage:
  Non-class:     42.03 MB used.
      Class:      5.63 MB used.
       Both:     47.66 MB used.

Virtual space:
  Non-class space:       64.00 MB reserved,      42.19 MB ( 66%) committed,  1 nodes.
      Class space:        1.00 GB reserved,       5.75 MB ( <1%) committed,  1 nodes.
             Both:        1.06 GB reserved,      47.94 MB (  4%) committed. 

Chunk freelists:
   Non-Class:  4.66 MB
       Class:  10.25 MB
        Both:  14.91 MB

MaxMetaspaceSize: unlimited
CompressedClassSpaceSize: 1.00 GB
Initial GC threshold: 21.00 MB
Current GC threshold: 79.69 MB
CDS: on
MetaspaceReclaimPolicy: balanced
 - commit_granule_bytes: 65536.
 - commit_granule_words: 8192.
 - virtual_space_node_default_size: 8388608.
 - enlarge_chunks_in_place: 1.
 - new_chunks_are_fully_committed: 0.
 - uncommit_free_chunks: 1.
 - use_allocation_guard: 0.
 - handle_deallocations: 1.


Internal statistics:

num_allocs_failed_limit: 6.
num_arena_births: 270.
num_arena_deaths: 0.
num_vsnodes_births: 2.
num_vsnodes_deaths: 0.
num_space_committed: 765.
num_space_uncommitted: 0.
num_chunks_returned_to_freelist: 6.
num_chunks_taken_from_freelist: 2074.
num_chunk_merges: 3.
num_chunk_splits: 1614.
num_chunks_enlarged: 1393.
num_inconsistent_stats: 0.

CodeHeap 'non-profiled nmethods': size=120000Kb used=5799Kb max_used=5799Kb free=114200Kb
 bounds [0x0000028e3ca40000, 0x0000028e3cff0000, 0x0000028e43f70000]
CodeHeap 'profiled nmethods': size=120000Kb used=20317Kb max_used=20317Kb free=99682Kb
 bounds [0x0000028e34f70000, 0x0000028e36350000, 0x0000028e3c4a0000]
CodeHeap 'non-nmethods': size=5760Kb used=1304Kb max_used=1378Kb free=4455Kb
 bounds [0x0000028e3c4a0000, 0x0000028e3c710000, 0x0000028e3ca40000]
 total_blobs=8313 nmethods=7714 adapters=509
 compilation: enabled
              stopped_count=0, restarted_count=0
 full_count=0

Compilation events (20 events):
Event: 68.858 Thread 0x0000028e4bcc0400 nmethod 9114 0x0000028e36338a90 code [0x0000028e36338e20, 0x0000028e3633a468]
Event: 68.866 Thread 0x0000028e93a16020 9115       4       org.jetbrains.kotlin.psi.KtModifierList::getModifier (15 bytes)
Event: 68.867 Thread 0x0000028e4bcc0400 9117       3       org.jetbrains.kotlin.resolve.OverrideResolver$Companion::checkOverridesForMemberMarkedOverride (154 bytes)
Event: 68.871 Thread 0x0000028e4bcc0400 nmethod 9117 0x0000028e3633ac10 code [0x0000028e3633afa0, 0x0000028e3633c538]
Event: 68.876 Thread 0x0000028e93a16020 nmethod 9115 0x0000028e3cfe9210 code [0x0000028e3cfe93c0, 0x0000028e3cfe95b8]
Event: 68.876 Thread 0x0000028e93a16020 9116       4       org.jetbrains.kotlin.types.IndexedParametersSubstitution::isEmpty (14 bytes)
Event: 68.877 Thread 0x0000028e93a16020 nmethod 9116 0x0000028e3cfe9890 code [0x0000028e3cfe9a00, 0x0000028e3cfe9a98]
Event: 68.878 Thread 0x0000028e4bcc0400 9118       3       org.jetbrains.kotlin.descriptors.impl.ValueParameterDescriptorImpl::getOverriddenDescriptors (126 bytes)
Event: 68.882 Thread 0x0000028e4bcc0400 nmethod 9118 0x0000028e3633cb90 code [0x0000028e3633cf60, 0x0000028e3633ee58]
Event: 68.882 Thread 0x0000028e4bcc0400 9119       3       org.jetbrains.kotlin.descriptors.impl.ClassDescriptorBase::getSource (13 bytes)
Event: 68.883 Thread 0x0000028e4bcc0400 nmethod 9119 0x0000028e3633f790 code [0x0000028e3633f940, 0x0000028e3633fac8]
Event: 68.883 Thread 0x0000028e4bcc0400 9121       3       org.jetbrains.kotlin.resolve.OverrideResolver::checkNameAndDefaultForFakeOverrideParameter (182 bytes)
Event: 68.883 Thread 0x0000028e93a16020 9122       4       org.jetbrains.kotlin.descriptors.impl.AbstractClassDescriptor::getOriginal (5 bytes)
Event: 68.884 Thread 0x0000028e93a16020 nmethod 9122 0x0000028e3cfe9b90 code [0x0000028e3cfe9d00, 0x0000028e3cfe9d78]
Event: 68.887 Thread 0x0000028e4bcc0400 nmethod 9121 0x0000028e3633fb90 code [0x0000028e3633ff60, 0x0000028e36341a68]
Event: 68.887 Thread 0x0000028e4bcc0400 9123       3       org.jetbrains.kotlin.resolve.OverrideResolver::checkOverridesForParameters (188 bytes)
Event: 68.891 Thread 0x0000028e4bcc0400 nmethod 9123 0x0000028e36342290 code [0x0000028e36342660, 0x0000028e36344338]
Event: 68.892 Thread 0x0000028e4bcc0400 9120       3       org.jetbrains.kotlin.resolve.OverrideResolver$Companion::shouldReportParameterNameOverrideWarning (66 bytes)
Event: 68.897 Thread 0x0000028e4bcc0400 nmethod 9120 0x0000028e36344b10 code [0x0000028e36344f60, 0x0000028e36346f88]
Event: 68.900 Thread 0x0000028e93a16020 9124       4       kotlin.collections.CollectionsKt___CollectionsKt::firstOrNull (63 bytes)

GC Heap History (20 events):
Event: 38.188 GC heap after
{Heap after GC invocations=11 (full 0):
 garbage-first heap   total 116736K, used 42251K [0x0000000086600000, 0x0000000100000000)
  region size 1024K, 8 young (8192K), 8 survivors (8192K)
 Metaspace       used 42216K, committed 42496K, reserved 1114112K
  class space    used 5127K, committed 5248K, reserved 1048576K
}
Event: 42.845 GC heap before
{Heap before GC invocations=11 (full 0):
 garbage-first heap   total 116736K, used 84235K [0x0000000086600000, 0x0000000100000000)
  region size 1024K, 49 young (50176K), 8 survivors (8192K)
 Metaspace       used 44535K, committed 44800K, reserved 1114112K
  class space    used 5316K, committed 5440K, reserved 1048576K
}
Event: 42.928 GC heap after
{Heap after GC invocations=12 (full 0):
 garbage-first heap   total 116736K, used 52610K [0x0000000086600000, 0x0000000100000000)
  region size 1024K, 7 young (7168K), 7 survivors (7168K)
 Metaspace       used 44535K, committed 44800K, reserved 1114112K
  class space    used 5316K, committed 5440K, reserved 1048576K
}
Event: 53.094 GC heap before
{Heap before GC invocations=12 (full 0):
 garbage-first heap   total 116736K, used 87426K [0x0000000086600000, 0x0000000100000000)
  region size 1024K, 39 young (39936K), 7 survivors (7168K)
 Metaspace       used 47516K, committed 47808K, reserved 1114112K
  class space    used 5657K, committed 5824K, reserved 1048576K
}
Event: 53.209 GC heap after
{Heap after GC invocations=13 (full 0):
 garbage-first heap   total 116736K, used 60928K [0x0000000086600000, 0x0000000100000000)
  region size 1024K, 5 young (5120K), 5 survivors (5120K)
 Metaspace       used 47516K, committed 47808K, reserved 1114112K
  class space    used 5657K, committed 5824K, reserved 1048576K
}
Event: 57.382 GC heap before
{Heap before GC invocations=13 (full 0):
 garbage-first heap   total 116736K, used 88576K [0x0000000086600000, 0x0000000100000000)
  region size 1024K, 32 young (32768K), 5 survivors (5120K)
 Metaspace       used 48194K, committed 48448K, reserved 1114112K
  class space    used 5701K, committed 5824K, reserved 1048576K
}
Event: 57.461 GC heap after
{Heap after GC invocations=14 (full 0):
 garbage-first heap   total 140288K, used 66560K [0x0000000086600000, 0x0000000100000000)
  region size 1024K, 4 young (4096K), 4 survivors (4096K)
 Metaspace       used 48194K, committed 48448K, reserved 1114112K
  class space    used 5701K, committed 5824K, reserved 1048576K
}
Event: 60.147 GC heap before
{Heap before GC invocations=15 (full 0):
 garbage-first heap   total 140288K, used 104448K [0x0000000086600000, 0x0000000100000000)
  region size 1024K, 41 young (41984K), 4 survivors (4096K)
 Metaspace       used 48255K, committed 48512K, reserved 1114112K
  class space    used 5708K, committed 5824K, reserved 1048576K
}
Event: 60.209 GC heap after
{Heap after GC invocations=16 (full 0):
 garbage-first heap   total 140288K, used 73728K [0x0000000086600000, 0x0000000100000000)
  region size 1024K, 6 young (6144K), 6 survivors (6144K)
 Metaspace       used 48255K, committed 48512K, reserved 1114112K
  class space    used 5708K, committed 5824K, reserved 1048576K
}
Event: 64.098 GC heap before
{Heap before GC invocations=16 (full 0):
 garbage-first heap   total 140288K, used 107520K [0x0000000086600000, 0x0000000100000000)
  region size 1024K, 39 young (39936K), 6 survivors (6144K)
 Metaspace       used 48449K, committed 48768K, reserved 1114112K
  class space    used 5716K, committed 5888K, reserved 1048576K
}
Event: 64.167 GC heap after
{Heap after GC invocations=17 (full 0):
 garbage-first heap   total 140288K, used 79872K [0x0000000086600000, 0x0000000100000000)
  region size 1024K, 5 young (5120K), 5 survivors (5120K)
 Metaspace       used 48449K, committed 48768K, reserved 1114112K
  class space    used 5716K, committed 5888K, reserved 1048576K
}
Event: 66.447 GC heap before
{Heap before GC invocations=18 (full 0):
 garbage-first heap   total 140288K, used 110592K [0x0000000086600000, 0x0000000100000000)
  region size 1024K, 35 young (35840K), 5 survivors (5120K)
 Metaspace       used 48612K, committed 48896K, reserved 1114112K
  class space    used 5733K, committed 5888K, reserved 1048576K
}
Event: 66.480 GC heap after
{Heap after GC invocations=19 (full 0):
 garbage-first heap   total 140288K, used 82026K [0x0000000086600000, 0x0000000100000000)
  region size 1024K, 2 young (2048K), 2 survivors (2048K)
 Metaspace       used 48612K, committed 48896K, reserved 1114112K
  class space    used 5733K, committed 5888K, reserved 1048576K
}
Event: 67.576 GC heap before
{Heap before GC invocations=19 (full 0):
 garbage-first heap   total 140288K, used 111722K [0x0000000086600000, 0x0000000100000000)
  region size 1024K, 31 young (31744K), 2 survivors (2048K)
 Metaspace       used 48617K, committed 48896K, reserved 1114112K
  class space    used 5733K, committed 5888K, reserved 1048576K
}
Event: 67.584 GC heap after
{Heap after GC invocations=20 (full 0):
 garbage-first heap   total 140288K, used 81610K [0x0000000086600000, 0x0000000100000000)
  region size 1024K, 2 young (2048K), 2 survivors (2048K)
 Metaspace       used 48617K, committed 48896K, reserved 1114112K
  class space    used 5733K, committed 5888K, reserved 1048576K
}
Event: 68.150 GC heap before
{Heap before GC invocations=21 (full 0):
 garbage-first heap   total 176128K, used 113354K [0x0000000086600000, 0x0000000100000000)
  region size 1024K, 33 young (33792K), 2 survivors (2048K)
 Metaspace       used 48632K, committed 48960K, reserved 1114112K
  class space    used 5733K, committed 5888K, reserved 1048576K
}
Event: 68.159 GC heap after
{Heap after GC invocations=22 (full 0):
 garbage-first heap   total 176128K, used 81461K [0x0000000086600000, 0x0000000100000000)
  region size 1024K, 2 young (2048K), 2 survivors (2048K)
 Metaspace       used 48632K, committed 48960K, reserved 1114112K
  class space    used 5733K, committed 5888K, reserved 1048576K
}
Event: 68.255 GC heap before
{Heap before GC invocations=22 (full 0):
 garbage-first heap   total 176128K, used 87605K [0x0000000086600000, 0x0000000100000000)
  region size 1024K, 8 young (8192K), 2 survivors (2048K)
 Metaspace       used 48633K, committed 48960K, reserved 1114112K
  class space    used 5733K, committed 5888K, reserved 1048576K
}
Event: 68.281 GC heap after
{Heap after GC invocations=23 (full 0):
 garbage-first heap   total 176128K, used 80792K [0x0000000086600000, 0x0000000100000000)
  region size 1024K, 1 young (1024K), 1 survivors (1024K)
 Metaspace       used 48633K, committed 48960K, reserved 1114112K
  class space    used 5733K, committed 5888K, reserved 1048576K
}
Event: 68.919 GC heap before
{Heap before GC invocations=23 (full 0):
 garbage-first heap   total 176128K, used 139160K [0x0000000086600000, 0x0000000100000000)
  region size 1024K, 58 young (59392K), 1 survivors (1024K)
 Metaspace       used 48806K, committed 49088K, reserved 1114112K
  class space    used 5765K, committed 5888K, reserved 1048576K
}

Deoptimization events (20 events):
Event: 68.794 Thread 0x0000028e2becf450 Uncommon trap: trap_request=0xffffffde fr.pc=0x0000028e3cc677dc relative=0x00000000000000bc
Event: 68.794 Thread 0x0000028e2becf450 Uncommon trap: reason=class_check action=maybe_recompile pc=0x0000028e3cc677dc method=java.util.Collections$UnmodifiableCollection$1.next()Ljava/lang/Object; @ 4 c2
Event: 68.794 Thread 0x0000028e2becf450 DEOPT PACKING pc=0x0000028e3cc677dc sp=0x000000b31bcfb580
Event: 68.794 Thread 0x0000028e2becf450 DEOPT UNPACKING pc=0x0000028e3c4f5ba3 sp=0x000000b31bcfb528 mode 2
Event: 68.795 Thread 0x0000028e2becf450 Uncommon trap: trap_request=0xffffffc6 fr.pc=0x0000028e3cecf25c relative=0x00000000000049bc
Event: 68.795 Thread 0x0000028e2becf450 Uncommon trap: reason=bimorphic_or_optimized_type_check action=maybe_recompile pc=0x0000028e3cecf25c method=org.jetbrains.kotlin.resolve.OverridingUtil.determineModalityForFakeOverride(Ljava/util/Collection;Lorg/jetbrains/kotlin/descriptors/ClassDescripto
Event: 68.795 Thread 0x0000028e2becf450 DEOPT PACKING pc=0x0000028e3cecf25c sp=0x000000b31bcfb620
Event: 68.796 Thread 0x0000028e2becf450 DEOPT UNPACKING pc=0x0000028e3c4f5ba3 sp=0x000000b31bcfb540 mode 2
Event: 68.798 Thread 0x0000028e2becf450 Uncommon trap: trap_request=0xffffffde fr.pc=0x0000028e3caa2eb0 relative=0x00000000000000f0
Event: 68.798 Thread 0x0000028e2becf450 Uncommon trap: reason=class_check action=maybe_recompile pc=0x0000028e3caa2eb0 method=org.jetbrains.kotlin.resolve.calls.tower.SimpleScopeTowerProcessor.process(Lorg/jetbrains/kotlin/resolve/calls/tower/TowerData;)Ljava/util/List; @ 8 c2
Event: 68.798 Thread 0x0000028e2becf450 DEOPT PACKING pc=0x0000028e3caa2eb0 sp=0x000000b31bcfc5d0
Event: 68.798 Thread 0x0000028e2becf450 DEOPT UNPACKING pc=0x0000028e3c4f5ba3 sp=0x000000b31bcfc540 mode 2
Event: 68.802 Thread 0x0000028e2becf450 Uncommon trap: trap_request=0xffffffc6 fr.pc=0x0000028e3cec9c50 relative=0x00000000000003f0
Event: 68.802 Thread 0x0000028e2becf450 Uncommon trap: reason=bimorphic_or_optimized_type_check action=maybe_recompile pc=0x0000028e3cec9c50 method=org.jetbrains.kotlin.builtins.KotlinBuiltIns.isUnderKotlinPackage(Lorg/jetbrains/kotlin/descriptors/DeclarationDescriptor;)Z @ 39 c2
Event: 68.802 Thread 0x0000028e2becf450 DEOPT PACKING pc=0x0000028e3cec9c50 sp=0x000000b31bcfcfc0
Event: 68.802 Thread 0x0000028e2becf450 DEOPT UNPACKING pc=0x0000028e3c4f5ba3 sp=0x000000b31bcfcf68 mode 2
Event: 68.832 Thread 0x0000028e2becf450 Uncommon trap: trap_request=0xffffff45 fr.pc=0x0000028e3cfe31fc relative=0x000000000000165c
Event: 68.832 Thread 0x0000028e2becf450 Uncommon trap: reason=unstable_if action=reinterpret pc=0x0000028e3cfe31fc method=org.jetbrains.kotlin.resolve.OverrideResolver$Companion.checkMissingOverridesByJava8Restrictions(Ljava/util/Set;Lorg/jetbrains/kotlin/resolve/OverrideResolver$CheckInherited
Event: 68.833 Thread 0x0000028e2becf450 DEOPT PACKING pc=0x0000028e3cfe31fc sp=0x000000b31bcfdf10
Event: 68.833 Thread 0x0000028e2becf450 DEOPT UNPACKING pc=0x0000028e3c4f5ba3 sp=0x000000b31bcfdec8 mode 2

Classes unloaded (0 events):
No events

Classes redefined (0 events):
No events

Internal exceptions (20 events):
Event: 34.979 Thread 0x0000028e2becf450 Exception <a 'java/lang/NoSuchMethodError'{0x000000008b490ed0}: 'java.lang.Object java.lang.invoke.Invokers$Holder.linkToTargetMethod(java.lang.Object, java.lang.Object, java.lang.Object, int, java.lang.Object)'> (0x000000008b490ed0) 
thrown [s\open\src\hotspot\share\interpreter\linkResolver.cpp, line 759]
Event: 37.717 Thread 0x0000028e2becf450 Exception <a 'java/lang/NoSuchMethodError'{0x000000008a0414a8}: 'java.lang.Object java.lang.invoke.DirectMethodHandle$Holder.newInvokeSpecial(java.lang.Object, java.lang.Object, java.lang.Object, java.lang.Object, java.lang.Object, java.lang.Object)'> (0x000000008a0414a8) 
thrown [s\open\src\hotspot\share\interpreter\linkResolver.cpp, line 759]
Event: 38.348 Thread 0x0000028e2becf450 Implicit null exception at 0x0000028e3ccafc4a to 0x0000028e3ccb00b0
Event: 38.427 Thread 0x0000028e2becf450 Implicit null exception at 0x0000028e3cb3d8cc to 0x0000028e3cb3d9a8
Event: 38.730 Thread 0x0000028e2becf450 Implicit null exception at 0x0000028e3ccaf187 to 0x0000028e3ccaf390
Event: 41.589 Thread 0x0000028e2becf450 Exception <a 'java/lang/NoSuchMethodError'{0x000000008bd74f20}: 'java.lang.Object java.lang.invoke.DirectMethodHandle$Holder.newInvokeSpecial(java.lang.Object, java.lang.Object, java.lang.Object, java.lang.Object, java.lang.Object, java.lang.Object, java.lang.Object, java.lang.Object)'> (0x000000008bd74f20) 
thrown [s\open\src\hotspot\share\interpreter\linkResolver.cpp, line 759]
Event: 41.592 Thread 0x0000028e2becf450 Exception <a 'java/lang/NoSuchMethodError'{0x000000008bd7a538}: 'java.lang.Object java.lang.invoke.DirectMethodHandle$Holder.invokeSpecial(java.lang.Object, java.lang.Object, java.lang.Object, java.lang.Object, java.lang.Object, java.lang.Object, java.lang.Object, java.lang.Object, java.lang.Object)'> (0x000000008bd7a538) 
thrown [s\open\src\hotspot\share\interpreter\linkResolver.cpp, line 759]
Event: 41.593 Thread 0x0000028e2becf450 Exception <a 'java/lang/NoSuchMethodError'{0x000000008bd7f468}: 'java.lang.Object java.lang.invoke.Invokers$Holder.linkToTargetMethod(java.lang.Object, java.lang.Object, java.lang.Object, java.lang.Object, java.lang.Object, java.lang.Object, java.lang.Object, java.lang.Object)'> (0x000000008bd7f468) 
thrown [s\open\src\hotspot\share\interpreter\linkResolver.cpp, line 759]
Event: 43.782 Thread 0x0000028e2becf450 Exception <a 'java/lang/NoSuchMethodError'{0x000000008d250910}: 'void java.lang.invoke.DirectMethodHandle$Holder.invokeInterface(java.lang.Object, java.lang.Object)'> (0x000000008d250910) 
thrown [s\open\src\hotspot\share\interpreter\linkResolver.cpp, line 759]
Event: 47.635 Thread 0x0000028e2becf450 Exception <a 'java/lang/NoSuchMethodError'{0x000000008c871e50}: 'int java.lang.invoke.DirectMethodHandle$Holder.invokeInterface(java.lang.Object, java.lang.Object)'> (0x000000008c871e50) 
thrown [s\open\src\hotspot\share\interpreter\linkResolver.cpp, line 759]
Event: 47.699 Thread 0x0000028e2becf450 Exception <a 'java/lang/NoSuchMethodError'{0x000000008c8c06c8}: 'java.lang.Object java.lang.invoke.DirectMethodHandle$Holder.newInvokeSpecial(java.lang.Object, int, java.lang.Object)'> (0x000000008c8c06c8) 
thrown [s\open\src\hotspot\share\interpreter\linkResolver.cpp, line 759]
Event: 47.837 Thread 0x0000028e2becf450 Exception <a 'java/lang/NoSuchMethodError'{0x000000008c73ad68}: 'java.lang.Object java.lang.invoke.DirectMethodHandle$Holder.invokeStatic(java.lang.Object, int, java.lang.Object)'> (0x000000008c73ad68) 
thrown [s\open\src\hotspot\share\interpreter\linkResolver.cpp, line 759]
Event: 48.524 Thread 0x0000028e2becf450 Exception <a 'java/lang/IncompatibleClassChangeError'{0x000000008c5e43b0}: Found class java.lang.Object, but interface was expected> (0x000000008c5e43b0) 
thrown [s\open\src\hotspot\share\interpreter\linkResolver.cpp, line 826]
Event: 52.006 Thread 0x0000028e2becf450 Exception <a 'java/lang/NoSuchMethodError'{0x000000008bbabc38}: 'java.lang.Object java.lang.invoke.DirectMethodHandle$Holder.invokeSpecial(java.lang.Object, java.lang.Object, java.lang.Object, java.lang.Object, java.lang.Object, java.lang.Object, int)'> (0x000000008bbabc38) 
thrown [s\open\src\hotspot\share\interpreter\linkResolver.cpp, line 759]
Event: 54.942 Thread 0x0000028e2becf450 Implicit null exception at 0x0000028e3cceab54 to 0x0000028e3ccec458
Event: 54.950 Thread 0x0000028e2becf450 Implicit null exception at 0x0000028e3cb7ec6a to 0x0000028e3cb80598
Event: 57.288 Thread 0x0000028e2becf450 Implicit null exception at 0x0000028e3cb0f40c to 0x0000028e3cb0f61c
Event: 57.288 Thread 0x0000028e2becf450 Implicit null exception at 0x0000028e3ca8c08f to 0x0000028e3ca8c109
Event: 68.766 Thread 0x0000028e2becf450 Implicit null exception at 0x0000028e3cb3251e to 0x0000028e3cb32698
Event: 68.767 Thread 0x0000028e2becf450 Implicit null exception at 0x0000028e3cb276d8 to 0x0000028e3cb2776e

VM Operations (20 events):
Event: 64.590 Executing VM operation: G1Concurrent done
Event: 64.772 Executing VM operation: G1Concurrent
Event: 64.783 Executing VM operation: G1Concurrent done
Event: 65.390 Executing VM operation: HandshakeAllThreads
Event: 65.390 Executing VM operation: HandshakeAllThreads done
Event: 65.669 Executing VM operation: HandshakeAllThreads
Event: 65.669 Executing VM operation: HandshakeAllThreads done
Event: 66.435 Executing VM operation: G1CollectForAllocation
Event: 66.480 Executing VM operation: G1CollectForAllocation done
Event: 67.575 Executing VM operation: G1CollectForAllocation
Event: 67.584 Executing VM operation: G1CollectForAllocation done
Event: 67.977 Executing VM operation: G1Concurrent
Event: 68.006 Executing VM operation: G1Concurrent done
Event: 68.144 Executing VM operation: G1Concurrent
Event: 68.145 Executing VM operation: G1Concurrent done
Event: 68.150 Executing VM operation: G1CollectForAllocation
Event: 68.159 Executing VM operation: G1CollectForAllocation done
Event: 68.255 Executing VM operation: G1CollectForAllocation
Event: 68.281 Executing VM operation: G1CollectForAllocation done
Event: 68.919 Executing VM operation: G1CollectForAllocation

Events (20 events):
Event: 50.280 Thread 0x0000028e4bcc0e00 flushing nmethod 0x0000028e35c9fa10
Event: 50.281 Thread 0x0000028e4bcc0e00 flushing nmethod 0x0000028e35cc7210
Event: 50.281 Thread 0x0000028e4bcc0e00 flushing nmethod 0x0000028e35ccac90
Event: 50.281 Thread 0x0000028e4bcc0e00 flushing nmethod 0x0000028e35cf1390
Event: 50.284 Thread 0x0000028e4bcc0e00 flushing nmethod 0x0000028e35de3810
Event: 50.284 Thread 0x0000028e4bcc0e00 flushing nmethod 0x0000028e35df8390
Event: 50.284 Thread 0x0000028e4bcc0e00 flushing nmethod 0x0000028e35dfb810
Event: 50.285 Thread 0x0000028e4bcc0e00 flushing nmethod 0x0000028e35e3ba10
Event: 50.706 Thread 0x0000028e92735300 Thread exited: 0x0000028e92735300
Event: 51.459 Thread 0x0000028e9627afc0 Thread added: 0x0000028e9627afc0
Event: 54.730 Thread 0x0000028e9627afc0 Thread exited: 0x0000028e9627afc0
Event: 54.730 Thread 0x0000028e91d94850 Thread exited: 0x0000028e91d94850
Event: 55.622 Thread 0x0000028e91be5510 Thread added: 0x0000028e91be5510
Event: 55.792 Thread 0x0000028e93a16020 Thread added: 0x0000028e93a16020
Event: 59.851 Thread 0x0000028e4bcc0e00 flushing nmethod 0x0000028e352a6890
Event: 59.862 Thread 0x0000028e4bcc0e00 flushing nmethod 0x0000028e35775310
Event: 59.875 Thread 0x0000028e4bcc0e00 flushing nmethod 0x0000028e35c5c910
Event: 67.807 Thread 0x0000028e93a16020 Thread exited: 0x0000028e93a16020
Event: 68.621 Thread 0x0000028e91be5510 Thread exited: 0x0000028e91be5510
Event: 68.786 Thread 0x0000028e93a16020 Thread added: 0x0000028e93a16020


Dynamic libraries:
0x00007ff6e5860000 - 0x00007ff6e5870000 	C:\Program Files\Java\jdk-17\bin\java.exe
0x00007ffda3520000 - 0x00007ffda3787000 	C:\WINDOWS\SYSTEM32\ntdll.dll
0x00007ffda2ab0000 - 0x00007ffda2b79000 	C:\WINDOWS\System32\KERNEL32.DLL
0x00007ffda0940000 - 0x00007ffda0d31000 	C:\WINDOWS\System32\KERNELBASE.dll
0x00007ffd9ff80000 - 0x00007ffda00cb000 	C:\WINDOWS\System32\ucrtbase.dll
0x00007ffd8ba90000 - 0x00007ffd8baa9000 	C:\Program Files\Java\jdk-17\bin\jli.dll
0x00007ffda29e0000 - 0x00007ffda2a9b000 	C:\WINDOWS\System32\ADVAPI32.dll
0x00007ffda25e0000 - 0x00007ffda2689000 	C:\WINDOWS\System32\msvcrt.dll
0x00007ffda2ca0000 - 0x00007ffda2d47000 	C:\WINDOWS\System32\sechost.dll
0x00007ffda2690000 - 0x00007ffda27a8000 	C:\WINDOWS\System32\RPCRT4.dll
0x00007ffd89180000 - 0x00007ffd89413000 	C:\WINDOWS\WinSxS\amd64_microsoft.windows.common-controls_6595b64144ccf1df_6.0.26100.8037_none_3e092faae333b53b\COMCTL32.dll
0x00007ffda1c80000 - 0x00007ffda1e45000 	C:\WINDOWS\System32\USER32.dll
0x00007ffda2f40000 - 0x00007ffda2f6b000 	C:\WINDOWS\System32\GDI32.dll
0x00007ffda0d40000 - 0x00007ffda0d67000 	C:\WINDOWS\System32\win32u.dll
0x00007ffda1190000 - 0x00007ffda12bb000 	C:\WINDOWS\System32\gdi32full.dll
0x00007ffda1020000 - 0x00007ffda10c3000 	C:\WINDOWS\System32\msvcp_win.dll
0x00007ffd8b770000 - 0x00007ffd8b78b000 	C:\Program Files\Java\jdk-17\bin\VCRUNTIME140.dll
0x00007ffd99720000 - 0x00007ffd9972b000 	C:\WINDOWS\SYSTEM32\VERSION.dll
0x00007ffda2d50000 - 0x00007ffda2d81000 	C:\WINDOWS\System32\IMM32.DLL
0x00007ffd8bb40000 - 0x00007ffd8bb4c000 	C:\Program Files\Java\jdk-17\bin\vcruntime140_1.dll
0x00007ffd7c030000 - 0x00007ffd7c0be000 	C:\Program Files\Java\jdk-17\bin\msvcp140.dll
0x00007ffd14710000 - 0x00007ffd152f0000 	C:\Program Files\Java\jdk-17\bin\server\jvm.dll
0x00007ffda1f60000 - 0x00007ffda1f68000 	C:\WINDOWS\System32\PSAPI.DLL
0x00007ffd86970000 - 0x00007ffd8697a000 	C:\WINDOWS\SYSTEM32\WSOCK32.dll
0x00007ffda2f70000 - 0x00007ffda2fe4000 	C:\WINDOWS\System32\WS2_32.dll
0x00007ffd89450000 - 0x00007ffd89485000 	C:\WINDOWS\SYSTEM32\WINMM.dll
0x00007ffd9eb90000 - 0x00007ffd9ebab000 	C:\WINDOWS\SYSTEM32\kernel.appcore.dll
0x00007ffd8b3c0000 - 0x00007ffd8b3ca000 	C:\Program Files\Java\jdk-17\bin\jimage.dll
0x00007ffd8df40000 - 0x00007ffd8e182000 	C:\WINDOWS\SYSTEM32\DBGHELP.DLL
0x00007ffda2220000 - 0x00007ffda25a2000 	C:\WINDOWS\System32\combase.dll
0x00007ffda20d0000 - 0x00007ffda21a7000 	C:\WINDOWS\System32\OLEAUT32.dll
0x00007ffd8dc90000 - 0x00007ffd8dccb000 	C:\WINDOWS\SYSTEM32\dbgcore.DLL
0x00007ffda0f70000 - 0x00007ffda1015000 	C:\WINDOWS\System32\bcryptPrimitives.dll
0x00007ffd8aee0000 - 0x00007ffd8af05000 	C:\Program Files\Java\jdk-17\bin\java.dll
0x00007ffd7b620000 - 0x00007ffd7b6f7000 	C:\Program Files\Java\jdk-17\bin\jsvml.dll
0x00007ffda1510000 - 0x00007ffda1c6f000 	C:\WINDOWS\System32\SHELL32.dll
0x00007ffda0d70000 - 0x00007ffda0eda000 	C:\WINDOWS\System32\wintypes.dll
0x00007ffda00d0000 - 0x00007ffda0934000 	C:\WINDOWS\System32\windows.storage.dll
0x00007ffda2b80000 - 0x00007ffda2c77000 	C:\WINDOWS\System32\SHCORE.dll
0x00007ffda21b0000 - 0x00007ffda2217000 	C:\WINDOWS\System32\shlwapi.dll
0x00007ffd9fd20000 - 0x00007ffd9fd49000 	C:\WINDOWS\SYSTEM32\profapi.dll
0x00007ffd8aec0000 - 0x00007ffd8aed9000 	C:\Program Files\Java\jdk-17\bin\net.dll
0x00007ffd9ae60000 - 0x00007ffd9af87000 	C:\WINDOWS\SYSTEM32\WINHTTP.dll
0x00007ffd9f100000 - 0x00007ffd9f16b000 	C:\WINDOWS\system32\mswsock.dll
0x00007ffd8aab0000 - 0x00007ffd8aac6000 	C:\Program Files\Java\jdk-17\bin\nio.dll
0x00007ffd8afe0000 - 0x00007ffd8aff8000 	C:\Program Files\Java\jdk-17\bin\zip.dll
0x00007ffd8b370000 - 0x00007ffd8b380000 	C:\Program Files\Java\jdk-17\bin\verify.dll

dbghelp: loaded successfully - version: 4.0.5 - missing functions: none
symbol engine: initialized successfully - sym options: 0x614 - pdb path: .;C:\Program Files\Java\jdk-17\bin;C:\WINDOWS\SYSTEM32;C:\WINDOWS\WinSxS\amd64_microsoft.windows.common-controls_6595b64144ccf1df_6.0.26100.8037_none_3e092faae333b53b;C:\Program Files\Java\jdk-17\bin\server

VM Arguments:
java_command: org.jetbrains.kotlin.cli.jvm.K2JVMCompiler @C:\Users\tmead\Documents\GitHub\SPadv\app\build\20260313_480079320277913136.compiler.options
java_class_path (initial): C:\Users\tmead\.gradle\caches\modules-2\files-2.1\org.jetbrains.kotlin\kotlin-compiler-embeddable\1.9.24\78dab849090e6c5e2eadb6e59a11cdc28fb67a08\kotlin-compiler-embeddable-1.9.24.jar;C:\Users\tmead\.gradle\caches\modules-2\files-2.1\org.jetbrains.kotlin\kotlin-stdlib\1.9.24\9928532f12c66ad816a625b3f9984f8368ca6d2b\kotlin-stdlib-1.9.24.jar;C:\Users\tmead\.gradle\caches\modules-2\files-2.1\org.jetbrains.kotlin\kotlin-script-runtime\1.9.24\96771497da90fbc5af1c90fce148db2595a62502\kotlin-script-runtime-1.9.24.jar;C:\Users\tmead\.gradle\caches\modules-2\files-2.1\org.jetbrains.kotlin\kotlin-reflect\1.6.10\1cbe9c92c12a94eea200d23c2bbaedaf3daf5132\kotlin-reflect-1.6.10.jar;C:\Users\tmead\.gradle\caches\modules-2\files-2.1\org.jetbrains.kotlin\kotlin-daemon-embeddable\1.9.24\86685b9c5e8d170925bd9ddbdc263374a6a73281\kotlin-daemon-embeddable-1.9.24.jar;C:\Users\tmead\.gradle\caches\modules-2\files-2.1\org.jetbrains.intellij.deps\trove4j\1.0.20200330\3afb14d5f9ceb459d724e907a21145e8ff394f02\trove4j-1.0.20200330.jar;C:\Users\tmead\.gradle\caches\modules-2\files-2.1\org.jetbrains\annotations\13.0\919f0dfe192fb4e063e7dacadee7f8bb9a2672a9\annotations-13.0.jar
Launcher Type: SUN_STANDARD

[Global flags]
     intx CICompilerCount                          = 4                                         {product} {ergonomic}
     uint ConcGCThreads                            = 2                                         {product} {ergonomic}
     uint G1ConcRefinementThreads                  = 8                                         {product} {ergonomic}
   size_t G1HeapRegionSize                         = 1048576                                   {product} {ergonomic}
    uintx GCDrainStackTargetSize                   = 64                                        {product} {ergonomic}
   size_t InitialHeapSize                          = 127926272                                 {product} {ergonomic}
   size_t MarkStackSize                            = 4194304                                   {product} {ergonomic}
   size_t MaxHeapSize                              = 2040528896                                {product} {ergonomic}
   size_t MaxNewSize                               = 1223688192                                {product} {ergonomic}
   size_t MinHeapDeltaBytes                        = 1048576                                   {product} {ergonomic}
   size_t MinHeapSize                              = 8388608                                   {product} {ergonomic}
    uintx NonNMethodCodeHeapSize                   = 5839372                                {pd product} {ergonomic}
    uintx NonProfiledCodeHeapSize                  = 122909434                              {pd product} {ergonomic}
    uintx ProfiledCodeHeapSize                     = 122909434                              {pd product} {ergonomic}
    uintx ReservedCodeCacheSize                    = 251658240                              {pd product} {ergonomic}
     bool SegmentedCodeCache                       = true                                      {product} {ergonomic}
   size_t SoftMaxHeapSize                          = 2040528896                             {manageable} {ergonomic}
     bool UseCompressedClassPointers               = true                           {product lp64_product} {ergonomic}
     bool UseCompressedOops                        = true                           {product lp64_product} {ergonomic}
     bool UseG1GC                                  = true                                      {product} {ergonomic}
     bool UseLargePagesIndividualAllocation        = false                                  {pd product} {ergonomic}

Logging:
Log output configuration:
 #0: stdout all=warning uptime,level,tags
 #1: stderr all=off uptime,level,tags

Environment Variables:
PATH=C:\Program Files\Common Files\Oracle\Java\javapath;C:\Program Files (x86)\Common Files\Oracle\Java\javapath;C:\Python39\Scripts\;C:\Python39\;C:\WINDOWS\system32;C:\WINDOWS;C:\WINDOWS\System32\Wbem;C:\WINDOWS\System32\WindowsPowerShell\v1.0\;C:\WINDOWS\System32\OpenSSH\;C:\Program Files\Microsoft SQL Server\Client SDK\ODBC\170\Tools\Binn\;C:\Program Files (x86)\Microsoft SQL Server\150\Tools\Binn\;C:\Program Files\Microsoft SQL Server\150\Tools\Binn\;C:\Program Files\Microsoft SQL Server\150\DTS\Binn\;C:\ProgramData\chocolatey\bin;C:\Program Files\Microsoft SQL Server\120\Tools\Binn\;C:\Program Files\Git\cmd;C:\Users\tmead\AppData\Local\activestate\cache\bin;C:\Users\tmead\AppData\Local\ActiveState\StateTool\release\bin;C:\Users\tmead\AppData\Local\Microsoft\WindowsApps;C:\Users\tmead\AppData\Local\GitHubDesktop\bin;C:\Users\tmead\AppData\Local\Programs\cursor\resources\app\bin
USERNAME=tmead
OS=Windows_NT
PROCESSOR_IDENTIFIER=Intel64 Family 6 Model 126 Stepping 5, GenuineIntel



---------------  S Y S T E M  ---------------

OS:
 Windows 11 , 64 bit Build 26100 (10.0.26100.7920)
OS uptime: 0 days 6:00 hours

CPU: total 8 (initial active 8) (4 cores per cpu, 2 threads per core) family 6 model 126 stepping 5 microcode 0xc6, cx8, cmov, fxsr, ht, mmx, 3dnowpref, sse, sse2, sse3, ssse3, sse4.1, sse4.2, popcnt, lzcnt, tsc, tscinvbit, avx, avx2, aes, erms, clmul, bmi1, bmi2, adx, avx512f, avx512dq, avx512cd, avx512bw, avx512vl, sha, fma, vzeroupper, avx512_vpopcntdq, avx512_vpclmulqdq, avx512_vaes, avx512_vnni, clflush, clflushopt, avx512_vbmi2, avx512_vbmi

Memory: 4k page, system-wide physical 7777M (682M free)
TotalPageFile size 13709M (AvailPageFile size 460M)
current process WorkingSet (physical memory assigned to process): 355M, peak: 355M
current process commit charge ("private bytes"): 397M, peak: 669M

vm_info: Java HotSpot(TM) 64-Bit Server VM (17.0.12+8-LTS-286) for windows-amd64 JRE (17.0.12+8-LTS-286), built on Jun  5 2024 06:46:59 by "mach5one" with MS VC++ 17.6 (VS2022)

END.
